// Vitest Snapshot v1, https://vitest.dev/guide/snapshot.html

exports[`Turn component > Opponent's turn > renders correctly 1`] = `
<div>
  <style
    data-mantine-styles="true"
  >
    :root{--mantine-font-family: mocked, sans-serif;--mantine-font-family-headings: mocked, sans-serif;--mantine-primary-color-filled: var(--mantine-color-marble-filled);--mantine-primary-color-filled-hover: var(--mantine-color-marble-filled-hover);--mantine-primary-color-light: var(--mantine-color-marble-light);--mantine-primary-color-light-hover: var(--mantine-color-marble-light-hover);--mantine-primary-color-light-color: var(--mantine-color-marble-light-color);--mantine-primary-color-0: var(--mantine-color-marble-0);--mantine-primary-color-1: var(--mantine-color-marble-1);--mantine-primary-color-2: var(--mantine-color-marble-2);--mantine-primary-color-3: var(--mantine-color-marble-3);--mantine-primary-color-4: var(--mantine-color-marble-4);--mantine-primary-color-5: var(--mantine-color-marble-5);--mantine-primary-color-6: var(--mantine-color-marble-6);--mantine-primary-color-7: var(--mantine-color-marble-7);--mantine-primary-color-8: var(--mantine-color-marble-8);--mantine-primary-color-9: var(--mantine-color-marble-9);--mantine-color-gray-0: #f0f3fd;--mantine-color-gray-1: #e0e3ee;--mantine-color-gray-2: #bfc4d9;--mantine-color-gray-3: #9ca4c5;--mantine-color-gray-4: #7e88b3;--mantine-color-gray-5: #6b77a9;--mantine-color-gray-6: #616ea5;--mantine-color-gray-7: #515d91;--mantine-color-gray-8: #475283;--mantine-color-gray-9: #3a4775;--mantine-color-marble-0: #faf7ea;--mantine-color-marble-1: #efecde;--mantine-color-marble-2: #dbd7bf;--mantine-color-marble-3: #c8c29d;--mantine-color-marble-4: #b7af81;--mantine-color-marble-5: #aca36e;--mantine-color-marble-6: #a79d62;--mantine-color-marble-7: #918951;--mantine-color-marble-8: #817945;--mantine-color-marble-9: #706836;--mantine-color-purple-0: #f6eeff;--mantine-color-purple-1: #e7daf7;--mantine-color-purple-2: #cab1ea;--mantine-color-purple-3: #ad86dd;--mantine-color-purple-4: #9562d2;--mantine-color-purple-5: #854bcb;--mantine-color-purple-6: #7d3ec9;--mantine-color-purple-7: #6b31b2;--mantine-color-purple-8: #5f2aa0;--mantine-color-purple-9: #52228d;}:root[data-mantine-color-scheme="dark"]{--mantine-color-anchor: var(--mantine-color-marble-4);--mantine-color-gray-light: rgba(97, 110, 165, 0.15);--mantine-color-gray-light-hover: rgba(97, 110, 165, 0.2);--mantine-color-gray-outline-hover: rgba(126, 136, 179, 0.05);--mantine-color-marble-text: var(--mantine-color-marble-4);--mantine-color-marble-filled: var(--mantine-color-marble-8);--mantine-color-marble-filled-hover: var(--mantine-color-marble-9);--mantine-color-marble-light: rgba(167, 157, 98, 0.15);--mantine-color-marble-light-hover: rgba(167, 157, 98, 0.2);--mantine-color-marble-light-color: var(--mantine-color-marble-3);--mantine-color-marble-outline: var(--mantine-color-marble-4);--mantine-color-marble-outline-hover: rgba(183, 175, 129, 0.05);--mantine-color-purple-text: var(--mantine-color-purple-4);--mantine-color-purple-filled: var(--mantine-color-purple-8);--mantine-color-purple-filled-hover: var(--mantine-color-purple-9);--mantine-color-purple-light: rgba(125, 62, 201, 0.15);--mantine-color-purple-light-hover: rgba(125, 62, 201, 0.2);--mantine-color-purple-light-color: var(--mantine-color-purple-3);--mantine-color-purple-outline: var(--mantine-color-purple-4);--mantine-color-purple-outline-hover: rgba(149, 98, 210, 0.05);}:root[data-mantine-color-scheme="light"]{--mantine-color-anchor: var(--mantine-color-marble-6);--mantine-color-gray-light: rgba(97, 110, 165, 0.1);--mantine-color-gray-light-hover: rgba(97, 110, 165, 0.12);--mantine-color-gray-outline-hover: rgba(97, 110, 165, 0.05);--mantine-color-marble-text: var(--mantine-color-marble-filled);--mantine-color-marble-filled: var(--mantine-color-marble-6);--mantine-color-marble-filled-hover: var(--mantine-color-marble-7);--mantine-color-marble-light: rgba(167, 157, 98, 0.1);--mantine-color-marble-light-hover: rgba(167, 157, 98, 0.12);--mantine-color-marble-light-color: var(--mantine-color-marble-6);--mantine-color-marble-outline: var(--mantine-color-marble-6);--mantine-color-marble-outline-hover: rgba(167, 157, 98, 0.05);--mantine-color-purple-text: var(--mantine-color-purple-filled);--mantine-color-purple-filled: var(--mantine-color-purple-6);--mantine-color-purple-filled-hover: var(--mantine-color-purple-7);--mantine-color-purple-light: rgba(125, 62, 201, 0.1);--mantine-color-purple-light-hover: rgba(125, 62, 201, 0.12);--mantine-color-purple-light-color: var(--mantine-color-purple-6);--mantine-color-purple-outline: var(--mantine-color-purple-6);--mantine-color-purple-outline-hover: rgba(125, 62, 201, 0.05);}
  </style>
  <style
    data-mantine-styles="classes"
  >
    @media (max-width: 35.99375em) {.mantine-visible-from-xs {display: none !important;}}@media (min-width: 36em) {.mantine-hidden-from-xs {display: none !important;}}@media (max-width: 47.99375em) {.mantine-visible-from-sm {display: none !important;}}@media (min-width: 48em) {.mantine-hidden-from-sm {display: none !important;}}@media (max-width: 61.99375em) {.mantine-visible-from-md {display: none !important;}}@media (min-width: 62em) {.mantine-hidden-from-md {display: none !important;}}@media (max-width: 74.99375em) {.mantine-visible-from-lg {display: none !important;}}@media (min-width: 75em) {.mantine-hidden-from-lg {display: none !important;}}@media (max-width: 87.99375em) {.mantine-visible-from-xl {display: none !important;}}@media (min-width: 88em) {.mantine-hidden-from-xl {display: none !important;}}
  </style>
  <li
    class="_card_f5603a _opponentCard_f5603a m_e615b15f mantine-Card-root m_1b7284a3 mantine-Paper-root"
    style="--paper-radius: var(--mantine-radius-lg);"
  >
    <div>
      
          
      <p>
        Didn't melt fairer keepsakes since Fellowship elsewhere.
      </p>
      
          
      <p>
        Woodlands payment 
        <a
          href="#"
        >
          Osgiliath
        </a>
         tightening. Barad-dur follow belly comforts tender tough bell? Many that live deserve death. Some that die deserve life. Outwitted teatime grasp defeated before stones reflection corset seen animals Saruman's call?
      </p>
      
          
      <p>
        Curse you and all the halflings! Deserted anytime Lake-town burned caves balls. Smoked lthilien forbids Thrain? 
        <span
          style="font-size: 2.0rem"
        >
          Tad survive ensnare joy mistake courtesy Bagshot Row.
        </span>
         Ligulas step drops both? You shall not pass!
      </p>
      
          
      <p>
        Branch hey-diddle-diddle pony trouble'll sleeping during jump Narsil. 
        <span
          style="font-size: 0.6rem"
        >
          North valor overflowing sort Iáve mister kingly money?
        </span>
         Tender respectable success Valar impressive unfriendly bloom scraped?
      </p>
      
          
      <ul>
        
            
        <li>
          Adamant.
        </li>
        
            
        <li>
          Southfarthing!
        </li>
        
            
        <li>
          Witch-king.
        </li>
        
            
        <li>
          Precious.
        </li>
        
            
        <li>
          Gaffer's!
        </li>
        
          
      </ul>
      
          
      <ul>
        
            
        <li>
          Excuse tightening yet survives two cover Undómiel city ablaze.
        </li>
        
            
        <li>
          Keepsakes deeper clouds Buckland position 21 lied bicker fountains ashamed.
        </li>
        
            
        <li>
          Women rippling cold steps rules Thengel finer.
        </li>
        
            
        <li>
          Portents close Havens endured irons hundreds handle refused sister?
        </li>
        
            
        <li>
          Harbor Grubbs fellas riddles afar!
        </li>
        
          
      </ul>
      
          
      <p>
        Ravens wonder wanted runs me crawl gaining lots faster! Khazad-dum surprise baby season ranks. I bid you all a very fond farewell.
      </p>
      
          
      <ol>
        
            
        <li>
          Narsil.
        </li>
        
            
        <li>
          Elros.
        </li>
        
            
        <li>
          Arwen Evenstar.
        </li>
        
            
        <li>
          Maggot's?
        </li>
        
            
        <li>
          Bagginses?
        </li>
        
          
      </ol>
      
          
      <ol>
        
            
        <li>
          Concerning Hobbits l golf air fifth bell prolonging camp.
        </li>
        
            
        <li>
          Grond humble rods nearest mangler.
        </li>
        
            
        <li>
          Enormity Lórien merry gravy stayed move.
        </li>
        
            
        <li>
          Diversion almost notion furs between fierce laboring Nazgûl ceaselessly parent.
        </li>
        
            
        <li>
          Agree ruling um wasteland Bagshot Row expect sleep.
        </li>
        
          
      </ol>
      
          
      <p>
        Delay freezes Gollum. Let the Ring-bearer decide. Bagshot Row chokes pole pauses immediately orders taught éored musing three-day? Disease rune repel source fire Goblinses already?
      </p>
      
          
      <hr />
      
          
      <p>
        What about second breakfast? Nags runt near Lindir lock discover level? Andûril breathe waited flatten union.
      </p>
      
          
      <blockquote>
        
            
        <p>
          You shall be the Fellowship of the Ring.
        </p>
        
            
        <footer>
          —Númenor, 
          <cite>
            sweeter burned verse
          </cite>
        </footer>
        
          
      </blockquote>
      
          
      <p>
        I think we should get off the road. Penalty sight splintered Misty Mountain mithril? Unrest lasts rode league bears absence Bracegirdle athletic contract nice parent slowed?
      </p>
      
          
      <pre>
        Pardon Concerning Hobbits rune goblins? Twitching figure including rightful Thorin's level! Worth tubers threats Hornburg deadliest? Unfold thumping shh wants Homely!
      </pre>
      
          
      <hr />
    </div>
  </li>
</div>
`;

exports[`Turn component > Your turn > renders correctly 1`] = `
<div>
  <style
    data-mantine-styles="true"
  >
    :root{--mantine-font-family: mocked, sans-serif;--mantine-font-family-headings: mocked, sans-serif;--mantine-primary-color-filled: var(--mantine-color-marble-filled);--mantine-primary-color-filled-hover: var(--mantine-color-marble-filled-hover);--mantine-primary-color-light: var(--mantine-color-marble-light);--mantine-primary-color-light-hover: var(--mantine-color-marble-light-hover);--mantine-primary-color-light-color: var(--mantine-color-marble-light-color);--mantine-primary-color-0: var(--mantine-color-marble-0);--mantine-primary-color-1: var(--mantine-color-marble-1);--mantine-primary-color-2: var(--mantine-color-marble-2);--mantine-primary-color-3: var(--mantine-color-marble-3);--mantine-primary-color-4: var(--mantine-color-marble-4);--mantine-primary-color-5: var(--mantine-color-marble-5);--mantine-primary-color-6: var(--mantine-color-marble-6);--mantine-primary-color-7: var(--mantine-color-marble-7);--mantine-primary-color-8: var(--mantine-color-marble-8);--mantine-primary-color-9: var(--mantine-color-marble-9);--mantine-color-gray-0: #f0f3fd;--mantine-color-gray-1: #e0e3ee;--mantine-color-gray-2: #bfc4d9;--mantine-color-gray-3: #9ca4c5;--mantine-color-gray-4: #7e88b3;--mantine-color-gray-5: #6b77a9;--mantine-color-gray-6: #616ea5;--mantine-color-gray-7: #515d91;--mantine-color-gray-8: #475283;--mantine-color-gray-9: #3a4775;--mantine-color-marble-0: #faf7ea;--mantine-color-marble-1: #efecde;--mantine-color-marble-2: #dbd7bf;--mantine-color-marble-3: #c8c29d;--mantine-color-marble-4: #b7af81;--mantine-color-marble-5: #aca36e;--mantine-color-marble-6: #a79d62;--mantine-color-marble-7: #918951;--mantine-color-marble-8: #817945;--mantine-color-marble-9: #706836;--mantine-color-purple-0: #f6eeff;--mantine-color-purple-1: #e7daf7;--mantine-color-purple-2: #cab1ea;--mantine-color-purple-3: #ad86dd;--mantine-color-purple-4: #9562d2;--mantine-color-purple-5: #854bcb;--mantine-color-purple-6: #7d3ec9;--mantine-color-purple-7: #6b31b2;--mantine-color-purple-8: #5f2aa0;--mantine-color-purple-9: #52228d;}:root[data-mantine-color-scheme="dark"]{--mantine-color-anchor: var(--mantine-color-marble-4);--mantine-color-gray-light: rgba(97, 110, 165, 0.15);--mantine-color-gray-light-hover: rgba(97, 110, 165, 0.2);--mantine-color-gray-outline-hover: rgba(126, 136, 179, 0.05);--mantine-color-marble-text: var(--mantine-color-marble-4);--mantine-color-marble-filled: var(--mantine-color-marble-8);--mantine-color-marble-filled-hover: var(--mantine-color-marble-9);--mantine-color-marble-light: rgba(167, 157, 98, 0.15);--mantine-color-marble-light-hover: rgba(167, 157, 98, 0.2);--mantine-color-marble-light-color: var(--mantine-color-marble-3);--mantine-color-marble-outline: var(--mantine-color-marble-4);--mantine-color-marble-outline-hover: rgba(183, 175, 129, 0.05);--mantine-color-purple-text: var(--mantine-color-purple-4);--mantine-color-purple-filled: var(--mantine-color-purple-8);--mantine-color-purple-filled-hover: var(--mantine-color-purple-9);--mantine-color-purple-light: rgba(125, 62, 201, 0.15);--mantine-color-purple-light-hover: rgba(125, 62, 201, 0.2);--mantine-color-purple-light-color: var(--mantine-color-purple-3);--mantine-color-purple-outline: var(--mantine-color-purple-4);--mantine-color-purple-outline-hover: rgba(149, 98, 210, 0.05);}:root[data-mantine-color-scheme="light"]{--mantine-color-anchor: var(--mantine-color-marble-6);--mantine-color-gray-light: rgba(97, 110, 165, 0.1);--mantine-color-gray-light-hover: rgba(97, 110, 165, 0.12);--mantine-color-gray-outline-hover: rgba(97, 110, 165, 0.05);--mantine-color-marble-text: var(--mantine-color-marble-filled);--mantine-color-marble-filled: var(--mantine-color-marble-6);--mantine-color-marble-filled-hover: var(--mantine-color-marble-7);--mantine-color-marble-light: rgba(167, 157, 98, 0.1);--mantine-color-marble-light-hover: rgba(167, 157, 98, 0.12);--mantine-color-marble-light-color: var(--mantine-color-marble-6);--mantine-color-marble-outline: var(--mantine-color-marble-6);--mantine-color-marble-outline-hover: rgba(167, 157, 98, 0.05);--mantine-color-purple-text: var(--mantine-color-purple-filled);--mantine-color-purple-filled: var(--mantine-color-purple-6);--mantine-color-purple-filled-hover: var(--mantine-color-purple-7);--mantine-color-purple-light: rgba(125, 62, 201, 0.1);--mantine-color-purple-light-hover: rgba(125, 62, 201, 0.12);--mantine-color-purple-light-color: var(--mantine-color-purple-6);--mantine-color-purple-outline: var(--mantine-color-purple-6);--mantine-color-purple-outline-hover: rgba(125, 62, 201, 0.05);}
  </style>
  <style
    data-mantine-styles="classes"
  >
    @media (max-width: 35.99375em) {.mantine-visible-from-xs {display: none !important;}}@media (min-width: 36em) {.mantine-hidden-from-xs {display: none !important;}}@media (max-width: 47.99375em) {.mantine-visible-from-sm {display: none !important;}}@media (min-width: 48em) {.mantine-hidden-from-sm {display: none !important;}}@media (max-width: 61.99375em) {.mantine-visible-from-md {display: none !important;}}@media (min-width: 62em) {.mantine-hidden-from-md {display: none !important;}}@media (max-width: 74.99375em) {.mantine-visible-from-lg {display: none !important;}}@media (min-width: 75em) {.mantine-hidden-from-lg {display: none !important;}}@media (max-width: 87.99375em) {.mantine-visible-from-xl {display: none !important;}}@media (min-width: 88em) {.mantine-hidden-from-xl {display: none !important;}}
  </style>
  <li
    class="_card_f5603a m_e615b15f mantine-Card-root m_1b7284a3 mantine-Paper-root"
    style="--paper-radius: var(--mantine-radius-lg);"
  >
    <div>
      
          
      <p>
        Didn't melt fairer keepsakes since Fellowship elsewhere.
      </p>
      
          
      <p>
        Woodlands payment 
        <a
          href="#"
        >
          Osgiliath
        </a>
         tightening. Barad-dur follow belly comforts tender tough bell? Many that live deserve death. Some that die deserve life. Outwitted teatime grasp defeated before stones reflection corset seen animals Saruman's call?
      </p>
      
          
      <p>
        Curse you and all the halflings! Deserted anytime Lake-town burned caves balls. Smoked lthilien forbids Thrain? 
        <span
          style="font-size: 2.0rem"
        >
          Tad survive ensnare joy mistake courtesy Bagshot Row.
        </span>
         Ligulas step drops both? You shall not pass!
      </p>
      
          
      <p>
        Branch hey-diddle-diddle pony trouble'll sleeping during jump Narsil. 
        <span
          style="font-size: 0.6rem"
        >
          North valor overflowing sort Iáve mister kingly money?
        </span>
         Tender respectable success Valar impressive unfriendly bloom scraped?
      </p>
      
          
      <ul>
        
            
        <li>
          Adamant.
        </li>
        
            
        <li>
          Southfarthing!
        </li>
        
            
        <li>
          Witch-king.
        </li>
        
            
        <li>
          Precious.
        </li>
        
            
        <li>
          Gaffer's!
        </li>
        
          
      </ul>
      
          
      <ul>
        
            
        <li>
          Excuse tightening yet survives two cover Undómiel city ablaze.
        </li>
        
            
        <li>
          Keepsakes deeper clouds Buckland position 21 lied bicker fountains ashamed.
        </li>
        
            
        <li>
          Women rippling cold steps rules Thengel finer.
        </li>
        
            
        <li>
          Portents close Havens endured irons hundreds handle refused sister?
        </li>
        
            
        <li>
          Harbor Grubbs fellas riddles afar!
        </li>
        
          
      </ul>
      
          
      <p>
        Ravens wonder wanted runs me crawl gaining lots faster! Khazad-dum surprise baby season ranks. I bid you all a very fond farewell.
      </p>
      
          
      <ol>
        
            
        <li>
          Narsil.
        </li>
        
            
        <li>
          Elros.
        </li>
        
            
        <li>
          Arwen Evenstar.
        </li>
        
            
        <li>
          Maggot's?
        </li>
        
            
        <li>
          Bagginses?
        </li>
        
          
      </ol>
      
          
      <ol>
        
            
        <li>
          Concerning Hobbits l golf air fifth bell prolonging camp.
        </li>
        
            
        <li>
          Grond humble rods nearest mangler.
        </li>
        
            
        <li>
          Enormity Lórien merry gravy stayed move.
        </li>
        
            
        <li>
          Diversion almost notion furs between fierce laboring Nazgûl ceaselessly parent.
        </li>
        
            
        <li>
          Agree ruling um wasteland Bagshot Row expect sleep.
        </li>
        
          
      </ol>
      
          
      <p>
        Delay freezes Gollum. Let the Ring-bearer decide. Bagshot Row chokes pole pauses immediately orders taught éored musing three-day? Disease rune repel source fire Goblinses already?
      </p>
      
          
      <hr />
      
          
      <p>
        What about second breakfast? Nags runt near Lindir lock discover level? Andûril breathe waited flatten union.
      </p>
      
          
      <blockquote>
        
            
        <p>
          You shall be the Fellowship of the Ring.
        </p>
        
            
        <footer>
          —Númenor, 
          <cite>
            sweeter burned verse
          </cite>
        </footer>
        
          
      </blockquote>
      
          
      <p>
        I think we should get off the road. Penalty sight splintered Misty Mountain mithril? Unrest lasts rode league bears absence Bracegirdle athletic contract nice parent slowed?
      </p>
      
          
      <pre>
        Pardon Concerning Hobbits rune goblins? Twitching figure including rightful Thorin's level! Worth tubers threats Hornburg deadliest? Unfold thumping shh wants Homely!
      </pre>
      
          
      <hr />
    </div>
  </li>
</div>
`;
